<html>
<body>
<pre>
<h1>µVision Build Log</h1>
<h2>Tool Versions:</h2>
IDE-Version: µVision V5.39.0.0
Copyright (C) 2023 ARM Ltd and ARM Germany GmbH. All rights reserved.
License Information: Ali Hafizi, AMJADKALA, LIC=MPPLD-8DUTX-9UT4U-SHD6U-AFN8C-U2IJE
 
Tool Versions:
Toolchain:       MDK-ARM Plus  Version: 5.39.0.0
Toolchain Path:  D:\Program Files\Keil\Keil_v5.39\ARM\ARMCLANG\Bin
C Compiler:      ArmClang.exe V6.21
Assembler:       Armasm.exe V6.21
Linker/Locator:  ArmLink.exe V6.21
Library Manager: ArmAr.exe V6.21
Hex Converter:   FromElf.exe V6.21
CPU DLL:         SARMCM3.DLL V5.39.0.0
Dialog DLL:      DCM.DLL V1.17.5.0
Target DLL:      STLink\ST-LINKIII-KEIL_SWO.dll V3.2.0.0
Dialog DLL:      TCM.DLL V1.56.4.0
 
<h2>Project:</h2>
D:\Project Folder\STM32\Keil\STM32F103C8T6\STM32F103C8T6.uvprojx
Project File Date:  08/16/2024

<h2>Output:</h2>
*** Using Compiler 'V6.21', folder: 'D:\Program Files\Keil\Keil_v5.39\ARM\ARMCLANG\Bin'
Rebuild target 'Target 1'
Note: source file 'RTE/Device/STM32F103C8/system_stm32f10x.c' - object file renamed from '.\system_stm32f10x.o' to '.\system_stm32f10x_1.o'.
compiling main.c...
assembling startup_stm32f10x_md.s...
compiling GPIO_STM32F10x.c...
compiling system_stm32f10x.c...
linking...
Program Size: Code=8260 RO-data=828 RW-data=0 ZI-data=1632  
FromELF: creating hex file...
After Build - User command #1: "D:\Project Folder\STM32\Keil\STM32F103C8T6\SVCS\git.bat"
